
Fatal error detected by KEDIT module GP Fault at line 0

Please save the file KEDIT.RPT and inform Mansfield Software Group
 Internet: support@kedit.com
 Phone: 1-860-429-8402
 Fax: 1-860-487-1185

Current date/time: 02/06/2010 12:10

KEDIT Version 1.50W2, compiled Jan 20 1997 
Module name = c:\kedit\KEDITW32.EXE
Command line arguments: reports*traffic*        (WIDTH 32000 DEFPROFILE c:\KEDIT\WINDOWS.KEX
Environment options: (none)
Initial profile: C:\kedit\windows.kex

Operating System Version 5.01
Windows NT Version 5.1
Memory in use = 54%
Total physical memory = 2095180 Kbytes
Physical memory available = 954620 Kbytes
Total virtual memory = 2097024 Kbytes
Virtual memory available = 2061068 Kbytes

2 file(s) in ring
1 window(s) in ring

OFPW OFF
INTERFACE CLASSIC

gpfs = 94a4b0, gpvs = 94a6b8, gpws = 94a2a8
cursor=47,69 field_valid=1, idLType=6 field_type=1
cursor pws = 94a2a8, fModifiable = 1, fModified = 0
cursor offscreen=0, cursor scrolling=0
real caret level=-1, fake caret level=0

current file=C:\xampp\pushyads\www\members\reports_traffic_pane.php, size=908, focus_line=481
window=1, window height=64, window width=137
command = showdlg save
token = C:\xampp\pushyads\www\members\reports_traffic_pane.php
tail = 

no block marked

active language: KEXX
KEXX macro "menu_file_save" line 1 column 14
last keys hit = 5 
Recent command lines:

Recent commands, etc.:
save "C:\xampp\pushyads\www\members\reports_traffic_pane.php
nomsg save "C:\xampp\pushyads\www\members\reports_traffic_pa
showdlg save
macro menu_File_Save
sos delchar
text 5
cursor left
cursor left
cursor left
cursor left
cursor left
cursor left
cursor left
sos endchar
cursor down
cursor down
reset thighlight
reset cmdsel
reset block
HIT A-U
MOVE BLOCK
cursor up
cursor up
cursor up
cursor up
cursor up
cursor up
cursor up
cursor up
cursor up
cursor up
cursor up
cursor up
backward
MARK LINE
cursor down
cursor down
cursor down
cursor down
cursor down
cursor down
cursor down
cursor down
cursor down
cursor down
cursor down
cursor down
cursor down
cursor down
cursor down
cursor down
cursor down
cursor down
cursor down
cursor down
cursor down
cursor down
cursor down
cursor down
cursor down
cursor down
cursor down
cursor down
cursor down
cursor down
cursor down
cursor down
cursor down
cursor down
cursor down
cursor down
cursor down
cursor down
cursor down
MARK LINE
cursor down
cursor down
cursor down
cursor up
cursor up

pws = 94a2a8, pws->pfs = 94a4b0, pws->pvs = 94a6b8
cslClient = 64, cscClient = 137
slCurline = 1, slCmdline = 63
fLayoutPending = 0, fFillinPending = 0, fRefreshPending = 1
hwndDoc = a084c
cxClient = 1098, cyClient = 839
fMaximized = 0, fCreating = 0, fEverShown = 1, fShowMaximized = 0, fDestroying = 0, fIconic = 0
Fileid for pvs 94a6b8 = C:\xampp\pushyads\www\members\reports_traffic_pane.php
focus line = 481, tor = 0, eor = 909
messages: 0

Fileid for pfs 94a4b0 = C:\xampp\pushyads\www\members\reports_traffic_pane.php
size = 908

Fileid for pfs 949e58 = C:\xampp\pushyads\www\members\reports_traffic.php
size = 126
Fileid for pvs 94a060 = C:\xampp\pushyads\www\members\reports_traffic.php
focus line = 0, tor = 0, eor = 127
messages: 0
move_copy_lines:      00401000
display_context_info: 0040c5b0

Exception code = c0000005

Instruction ptr: 00003f79


